struct.bar:
	element 1 accessed
	element 2 accessed
	element 3 accessed
