struct.foo:
	element 0 accessed
	element 1 accessed
struct.bar:
	element 0 accessed
	element 1 accessed
	element 2 accessed
	element 3 accessed
