struct.foo:
	element 0 accessed at a
	element 0 accessed at a10
	element 1 accessed at b2
	element 2 accessed at c
struct.bar:
	element 0 accessed at first
	element 1 accessed at x
	element 2 accessed at y
	element 3 accessed at z
