Printing analysis 'Promote Memory to Register' for function 'accessArrays':
Pass::print not implemented for pass: 'Promote Memory to Register'!
Printing analysis 'Organize GEP instructions referring to struct element accesses by struct element.':
