Printing analysis 'Promote Memory to Register' for function 'foo':
Pass::print not implemented for pass: 'Promote Memory to Register'!
Printing analysis 'Find each branch used to exit a loop when a sentinel value is found in an array':
Analyzing function: foo
	We found: 1 loops
	Examining struct struct.foo[0] in loop for.cond
		There are 1 sentinel checks of this element in this loop
			We cannot bypass all sentinel checks for this element in this loop.
		Sentinel checks: 
			for.cond
