Printing analysis 'Promote Memory to Register' for function 'print':
Pass::print not implemented for pass: 'Promote Memory to Register'!
Printing analysis 'Promote Memory to Register' for function 'find':
Pass::print not implemented for pass: 'Promote Memory to Register'!
Printing analysis 'Find each branch used to exit a loop when a sentinel value is found in an array' for function 'print':
Analyzing function: print
	We found: 0 loops
Printing analysis 'Find each branch used to exit a loop when a sentinel value is found in an array' for function 'find':
Analyzing function: find
	We found: 1 loops
	There are 0 sentinel checks in this loop(for.cond)
	We can bypass all sentinel checks.
	Sentinel checks: 
