Printing analysis 'Promote Memory to Register' for function 'print':
Pass::print not implemented for pass: 'Promote Memory to Register'!
Printing analysis 'Promote Memory to Register' for function 'find':
Pass::print not implemented for pass: 'Promote Memory to Register'!
Printing analysis 'Find each branch used to exit a loop when a sentinel value is found in an array' for function 'print':
Analyzing function: print
	We found: 0 loops
Printing analysis 'Find each branch used to exit a loop when a sentinel value is found in an array' for function 'find':
Analyzing function: find
	We found: 2 loops
	Examining string in loop for.cond
		There are 1 sentinel checks of this argument in this loop
			We can not bypass all sentinel checks for this argument in this loop.
		Sentinel checks: 
			for.body
	Examining string in loop for.cond3
		There are 0 sentinel checks of this argument in this loop
			We can bypass all sentinel checks for this argument in this loop.
		Sentinel checks: 
