foo with argument 0 should be annotated Parameter length of 1.
