Analyzing foo
	Argument array has max index 7
	Argument x has unknown max index.
