Analyzing bar
Analyzing rand
Analyzing foo
	Argument array has unknown max index.
	Argument x has unknown max index.
