Analyzing foo
	Argument array has max index argument x
	Argument x has unknown max index.
