Analyzing foo
	Argument array has unknown max index.
	Argument x has unknown max index.
	Argument y has unknown max index.
