Analyzing find
	Argument x has max index argument y
	Argument y has unknown max index.
	Argument me has unknown max index.
