Analyzing print
	Argument x has max index argument y
	Argument y has unknown max index.
Analyzing printf
	Argument  has unknown max index.
