Printing analysis 'Promote Memory to Register' for function 'find':
Pass::print not implemented for pass: 'Promote Memory to Register'!
Printing analysis 'Determine whether and how to annotate each function with the null-terminated annotation':
