Printing analysis 'Promote Memory to Register' for function 'find':
Pass::print not implemented for pass: 'Promote Memory to Register'!
Printing analysis 'Promote Memory to Register' for function 'call':
Pass::print not implemented for pass: 'Promote Memory to Register'!
Printing analysis 'Determine whether and how to annotate each function with the null-terminated annotation':
find with argument 0 should be annotated NULL_TERMINATED (2)  because found a non optional sentinel check for string in find
struct struct.foo[0] should be annotated NULL_TERMINATED (2) because  found a call to find passing string.
