setString with argument 1 should be annotated NULL_TERMINATED (Sentinel-terminated by 0)  because  pushed information from a store to string1 from string
struct struct.foo[0] should be annotated NULL_TERMINATED (Sentinel-terminated by 0) because found a non optional sentinel check in find.
