struct struct.foo[0] should be annotated NULL_TERMINATED (Sentinel-terminated by 0) because found a non optional sentinel check for string in find.
