Printing analysis 'Promote Memory to Register' for function 'print':
Pass::print not implemented for pass: 'Promote Memory to Register'!
Printing analysis 'Promote Memory to Register' for function 'find':
Pass::print not implemented for pass: 'Promote Memory to Register'!
Printing analysis 'Promote Memory to Register' for function 'foo':
Pass::print not implemented for pass: 'Promote Memory to Register'!
Printing analysis 'Determine whether and how to annotate each function with the null-terminated annotation':
struct struct.foo[0] should be annotated NULL_TERMINATED (2).
