struct struct.baz[0] should be annotated Fixed length of 30.
