bar with argument 0 should be annotated Fixed length of 7.
bar with argument 2 should be annotated Parameter length of 3.
baz with argument 1 should be annotated Parameter length of 2.
