find with argument 0 should be annotated NULL_TERMINATED (Sentinel-terminated by 0)  because  found a call to foo passing string
