find with argument 1 should be annotated Fixed length of 4.
foo with argument 1 should be annotated Fixed length of 4.
