find with argument 1 should be annotated NULL_TERMINATED (Sentinel-terminated by 0)  because found a non optional sentinel check for string in find
foo with argument 1 should be annotated NULL_TERMINATED (Sentinel-terminated by 0)  because  found a call to find passing string
